// Jest Snapshot v1, https://goo.gl/fbAQLP

exports[`testing favorite component 1`] = `<movies />`;
